ERC-Report (23.12.2022 15:41:35, UTF8-kodiert)

***** Schaltplan /
[pin_not_connected]: Pin nicht verbunden
    ; Severity: error (excluded)
    @(157,48 mm, 125,73 mm): Symbol J4 [Conn_01x16_Female] Pin 10 [Pin_10, Passiv, Linie]
[global_label_dangling]: Ein globaler Bezeichner ist nirgendwo sonst im Schaltplan verbunden
    ; Severity: warning
    @(152,40 mm, 105,41 mm): Globaler Bezeichner 'Vdd'
[pin_not_connected]: Pin nicht verbunden
    ; Severity: error (excluded)
    @(157,48 mm, 118,11 mm): Symbol J4 [Conn_01x16_Female] Pin 7 [Pin_7, Passiv, Linie]
[pin_not_connected]: Pin nicht verbunden
    ; Severity: error (excluded)
    @(157,48 mm, 120,65 mm): Symbol J4 [Conn_01x16_Female] Pin 8 [Pin_8, Passiv, Linie]
[pin_not_connected]: Pin nicht verbunden
    ; Severity: error (excluded)
    @(157,48 mm, 123,19 mm): Symbol J4 [Conn_01x16_Female] Pin 9 [Pin_9, Passiv, Linie]
[net_not_bus_member]: Netz /PB2 ist grafisch mit Bus /<NO NET> verbunden, gehört jedoch nicht zu diesem Bus
    ; Severity: warning
    @(134,62 mm, 125,73 mm): Buseintritt für Verbindung
    @(134,62 mm, 113,03 mm): Vertikaler Bus, Länge 12,70 mm
[net_not_bus_member]: Netz /PB1 ist grafisch mit Bus /<NO NET> verbunden, gehört jedoch nicht zu diesem Bus
    ; Severity: warning
    @(134,62 mm, 113,03 mm): Buseintritt für Verbindung
    @(134,62 mm, 107,95 mm): Vertikaler Bus, Länge 5,08 mm
[net_not_bus_member]: Netz /PB5 ist grafisch mit Bus /<NO NET> verbunden, gehört jedoch nicht zu diesem Bus
    ; Severity: warning
    @(134,62 mm, 133,35 mm): Buseintritt für Verbindung
    @(134,62 mm, 133,35 mm): Vertikaler Bus, Länge 2,54 mm
[net_not_bus_member]: Netz /PB3 ist grafisch mit Bus /<NO NET> verbunden, gehört jedoch nicht zu diesem Bus
    ; Severity: warning
    @(134,62 mm, 128,27 mm): Buseintritt für Verbindung
    @(134,62 mm, 130,81 mm): Vertikaler Bus, Länge 2,54 mm
[net_not_bus_member]: Netz /PB4 ist grafisch mit Bus /<NO NET> verbunden, gehört jedoch nicht zu diesem Bus
    ; Severity: warning
    @(134,62 mm, 130,81 mm): Buseintritt für Verbindung
    @(134,62 mm, 130,81 mm): Vertikaler Bus, Länge 2,54 mm
[power_pin_not_driven]: Input-Power-Pin wird von keinem Output-Power-Pin angesteuert
    ; Severity: error (excluded)
    @(104,14 mm, 134,62 mm): Symbol U1 [ATmega8-16A] Pin 21 [AGND, Stromversorgung, Linie]
[power_pin_not_driven]: Input-Power-Pin wird von keinem Output-Power-Pin angesteuert
    ; Severity: error (excluded)
    @(104,14 mm, 63,50 mm): Symbol U1 [ATmega8-16A] Pin 18 [AVCC, Stromversorgung, Linie]
[power_pin_not_driven]: Input-Power-Pin wird von keinem Output-Power-Pin angesteuert
    ; Severity: error (excluded)
    @(101,60 mm, 63,50 mm): Symbol U1 [ATmega8-16A] Pin 4 [VCC, Stromversorgung, Linie]
[net_not_bus_member]: Netz /PB0 ist grafisch mit Bus /<NO NET> verbunden, gehört jedoch nicht zu diesem Bus
    ; Severity: warning
    @(134,62 mm, 107,95 mm): Buseintritt für Verbindung
    @(134,62 mm, 107,95 mm): Vertikaler Bus, Länge 5,08 mm

 ** ERC-Meldungen: 14  Fehler 7  Warnungen 7
